DURATION
ID
ASSIGN
LIT_INT
DIVIDE
LIT_INT
PLUS
LIT_INT
DIVIDE
LIT_INT
SEP
