; ModuleID = 'Beathoven Codegen'

declare i32 @printf(i8*, ...)

define void @main() {
entry:
  ret void
}
