printing joined array element: 6
printing edited joined array element: 300
printing sub array element: 8