TypeAddingError (or something)
  Invalid operation between integer and string